// Jest Snapshot v1, https://goo.gl/fbAQLP

exports[`[component] - SavedPaymentMethodView should render the component 1`] = `
<DocumentFragment>
  <div>
    <div
      class="MuiBox-root css-19qelqq"
    >
      <h3
        class="MuiTypography-root MuiTypography-h3 css-1nnwfac-MuiTypography-root"
      >
        payment-information
      </h3>
      <div
        class="MuiBox-root css-1pejmll"
      >
        <div
          class="MuiBox-root css-1fuhjh6"
          data-testid="payment-card-details-view"
        >
          <h6
            class="MuiTypography-root MuiTypography-subtitle2 css-1a2mweq-MuiTypography-root"
          >
            payment-method
          </h6>
          <div
            class="MuiBox-root css-1tca5tr"
          >
            <div
              class="MuiBox-root css-1m1jmtv"
            >
              <span
                style="box-sizing: border-box; display: inline-block; overflow: hidden; background: none; opacity: 1; border: 0px; margin: 0px; padding: 0px; position: relative; max-width: 100%;"
              >
                <span
                  style="box-sizing: border-box; display: block; background: none; opacity: 1; border: 0px; margin: 0px; padding: 0px; max-width: 100%;"
                >
                  <img
                    alt=""
                    aria-hidden="true"
                    src="data:image/svg+xml;base64,PHN2ZyB3aWR0aD0iMzIiIGhlaWdodD0iMjQiIHhtbG5zPSJodHRwOi8vd3d3LnczLm9yZy8yMDAwL3N2ZyIgdmVyc2lvbj0iMS4xIi8+"
                    style="display: block; max-width: 100%; background: none; opacity: 1; border: 0px; margin: 0px; padding: 0px;"
                  />
                </span>
                <img
                  alt="visa"
                  data-nimg="intrinsic"
                  decoding="async"
                  src="data:image/gif;base64,R0lGODlhAQABAIAAAAAAAP///yH5BAEAAAAALAAAAAABAAEAAAIBRAA7"
                  style="position: absolute; top: 0px; left: 0px; bottom: 0px; right: 0px; box-sizing: border-box; padding: 0px; margin: auto; display: block; width: 0px; height: 0px; min-width: 100%; max-width: 100%; min-height: 100%; max-height: 100%;"
                />
                <noscript />
              </span>
            </div>
            <div
              class="MuiBox-root css-0"
            >
              <div
                class="MuiBox-root css-k008qs"
              >
                <span
                  class="MuiTypography-root MuiTypography-body1 css-8voym1-MuiTypography-root"
                >
                  ending
                </span>
                <span
                  class="MuiTypography-root MuiTypography-body1 css-ojil4y-MuiTypography-root"
                >
                  1111
                </span>
              </div>
              <div
                class="MuiBox-root css-k008qs"
              >
                <span
                  class="MuiTypography-root MuiTypography-body1 css-8voym1-MuiTypography-root"
                >
                  exp
                </span>
                <span
                  class="MuiTypography-root MuiTypography-body1 css-ojil4y-MuiTypography-root"
                >
                  4/2026
                </span>
              </div>
            </div>
          </div>
        </div>
        <div
          class="MuiBox-root css-1fuhjh6"
        >
          <h6
            class="MuiTypography-root MuiTypography-subtitle2 css-1a2mweq-MuiTypography-root"
          >
            billing-address
          </h6>
          <div
            class="MuiBox-root css-zoser8"
          >
            <p
              class="MuiTypography-root MuiTypography-body1 css-ojil4y-MuiTypography-root"
            >
              1234, My Address
            </p>
            <p
              class="MuiTypography-root MuiTypography-body1 css-ojil4y-MuiTypography-root"
            >
              apartment1104
            </p>
            <div
              class="MuiBox-root css-k008qs"
            >
              <p
                class="MuiTypography-root MuiTypography-body1 css-mu12yc-MuiTypography-root"
              >
                Austin
              </p>
              <p
                class="MuiTypography-root MuiTypography-body1 css-mu12yc-MuiTypography-root"
              >
                78727
              </p>
              <p
                class="MuiTypography-root MuiTypography-body1 css-ojil4y-MuiTypography-root"
              >
                Texas
              </p>
            </div>
          </div>
        </div>
      </div>
    </div>
  </div>
</DocumentFragment>
`;
