// Jest Snapshot v1, https://goo.gl/fbAQLP

exports[`[component] - AddressCard should render the component 1`] = `
<DocumentFragment>
  <div>
    <h6
      class="MuiTypography-root MuiTypography-subtitle2 css-1a2mweq-MuiTypography-root"
    >
      Billing Address
    </h6>
    <div
      class="MuiBox-root css-zoser8"
    >
      <p
        class="MuiTypography-root MuiTypography-body1 css-ojil4y-MuiTypography-root"
      >
        1234, My Address
      </p>
      <p
        class="MuiTypography-root MuiTypography-body1 css-ojil4y-MuiTypography-root"
      >
        apartment1104
      </p>
      <div
        class="MuiBox-root css-k008qs"
      >
        <p
          class="MuiTypography-root MuiTypography-body1 css-mu12yc-MuiTypography-root"
        >
          Austin
        </p>
        <p
          class="MuiTypography-root MuiTypography-body1 css-mu12yc-MuiTypography-root"
        >
          Texas
        </p>
        <p
          class="MuiTypography-root MuiTypography-body1 css-ojil4y-MuiTypography-root"
        >
          78727
        </p>
      </div>
    </div>
  </div>
</DocumentFragment>
`;
